2026-06-20 13:48:35 | INFO | altitude_trust_bank | app.main | Msgclickon application 
2026-06-20 13:48:35 | INFO | altitude_trust_bank | Database Connection | Database connection successful.
2026-06-20 13:48:35 | INFO | altitude_trust_bank | app.main | Database connection succesaful.
2026-06-20 17:31:57 | INFO | altitude_trust_bank | app.main | Shutting down MsgClickOn...
2026-06-20 17:32:02 | INFO | altitude_trust_bank | app.main | Msgclickon application 
2026-06-20 17:32:02 | INFO | altitude_trust_bank | Database Connection | Database connection successful.
2026-06-20 17:32:02 | INFO | altitude_trust_bank | app.main | Database connection succesaful.
2026-06-20 17:32:22 | INFO | altitude_trust_bank | app.main | Shutting down MsgClickOn...
2026-06-20 17:32:24 | INFO | altitude_trust_bank | app.main | Msgclickon application 
2026-06-20 17:32:24 | INFO | altitude_trust_bank | Database Connection | Database connection successful.
2026-06-20 17:32:24 | INFO | altitude_trust_bank | app.main | Database connection succesaful.
2026-06-20 17:33:49 | INFO | altitude_trust_bank | app.main | Shutting down MsgClickOn...
2026-06-20 17:33:53 | INFO | altitude_trust_bank | app.main | Msgclickon application 
2026-06-20 17:33:53 | INFO | altitude_trust_bank | Database Connection | Database connection successful.
2026-06-20 17:33:53 | INFO | altitude_trust_bank | app.main | Database connection succesaful.
2026-06-20 17:34:07 | INFO | altitude_trust_bank | app.main | Shutting down MsgClickOn...
2026-06-20 17:34:10 | INFO | altitude_trust_bank | app.main | Msgclickon application 
2026-06-20 17:34:10 | INFO | altitude_trust_bank | Database Connection | Database connection successful.
2026-06-20 17:34:10 | INFO | altitude_trust_bank | app.main | Database connection succesaful.
2026-06-20 17:34:11 | INFO | altitude_trust_bank | app.main | Shutting down MsgClickOn...
2026-06-20 17:34:13 | INFO | altitude_trust_bank | app.main | Msgclickon application 
2026-06-20 17:34:13 | INFO | altitude_trust_bank | Database Connection | Database connection successful.
2026-06-20 17:34:13 | INFO | altitude_trust_bank | app.main | Database connection succesaful.
2026-06-20 17:34:24 | INFO | altitude_trust_bank | app.main | Shutting down MsgClickOn...
2026-06-20 17:34:27 | INFO | altitude_trust_bank | app.main | Msgclickon application 
2026-06-20 17:34:27 | INFO | altitude_trust_bank | Database Connection | Database connection successful.
2026-06-20 17:34:27 | INFO | altitude_trust_bank | app.main | Database connection succesaful.
2026-06-20 17:34:28 | INFO | altitude_trust_bank | app.main | Shutting down MsgClickOn...
2026-06-20 17:34:30 | INFO | altitude_trust_bank | app.main | Msgclickon application 
2026-06-20 17:34:30 | INFO | altitude_trust_bank | Database Connection | Database connection successful.
2026-06-20 17:34:30 | INFO | altitude_trust_bank | app.main | Database connection succesaful.
2026-06-20 17:35:27 | INFO | altitude_trust_bank | app.main | Shutting down MsgClickOn...
2026-06-20 17:35:31 | INFO | altitude_trust_bank | app.main | Msgclickon application 
2026-06-20 17:35:31 | INFO | altitude_trust_bank | Database Connection | Database connection successful.
2026-06-20 17:35:31 | INFO | altitude_trust_bank | app.main | Database connection succesaful.
2026-06-20 17:35:43 | INFO | altitude_trust_bank | app.main | Shutting down MsgClickOn...
2026-06-20 17:35:45 | INFO | altitude_trust_bank | app.main | Msgclickon application 
2026-06-20 17:35:46 | INFO | altitude_trust_bank | Database Connection | Database connection successful.
2026-06-20 17:35:46 | INFO | altitude_trust_bank | app.main | Database connection succesaful.
2026-06-20 17:35:51 | INFO | altitude_trust_bank | app.main | Shutting down MsgClickOn...
2026-06-20 17:35:55 | INFO | altitude_trust_bank | app.main | Msgclickon application 
2026-06-20 17:35:55 | INFO | altitude_trust_bank | Database Connection | Database connection successful.
2026-06-20 17:35:55 | INFO | altitude_trust_bank | app.main | Database connection succesaful.
2026-06-20 17:47:00 | INFO | altitude_trust_bank | app.main | Shutting down MsgClickOn...
2026-06-20 17:47:04 | INFO | altitude_trust_bank | app.main | Msgclickon application 
2026-06-20 17:47:04 | INFO | altitude_trust_bank | Database Connection | Database connection successful.
2026-06-20 17:47:04 | INFO | altitude_trust_bank | app.main | Database connection succesaful.
2026-06-20 17:49:02 | INFO | altitude_trust_bank | app.main | Shutting down MsgClickOn...
2026-06-20 17:49:06 | INFO | altitude_trust_bank | app.main | Msgclickon application 
2026-06-20 17:49:06 | INFO | altitude_trust_bank | Database Connection | Database connection successful.
2026-06-20 17:49:06 | INFO | altitude_trust_bank | app.main | Database connection succesaful.
2026-06-20 17:49:17 | INFO | altitude_trust_bank | app.main | Shutting down MsgClickOn...
2026-06-20 17:49:21 | INFO | altitude_trust_bank | app.main | Msgclickon application 
2026-06-20 17:49:21 | INFO | altitude_trust_bank | Database Connection | Database connection successful.
2026-06-20 17:49:21 | INFO | altitude_trust_bank | app.main | Database connection succesaful.
2026-06-20 17:53:35 | INFO | altitude_trust_bank | app.main | Shutting down MsgClickOn...
2026-06-20 17:53:39 | INFO | altitude_trust_bank | app.main | Msgclickon application 
2026-06-20 17:53:39 | INFO | altitude_trust_bank | Database Connection | Database connection successful.
2026-06-20 17:53:39 | INFO | altitude_trust_bank | app.main | Database connection succesaful.
2026-06-20 17:53:53 | INFO | altitude_trust_bank | app.main | Shutting down MsgClickOn...
2026-06-20 17:53:56 | INFO | altitude_trust_bank | app.main | Msgclickon application 
2026-06-20 17:53:56 | INFO | altitude_trust_bank | Database Connection | Database connection successful.
2026-06-20 17:53:56 | INFO | altitude_trust_bank | app.main | Database connection succesaful.
2026-06-20 17:54:12 | INFO | altitude_trust_bank | app.main | Shutting down MsgClickOn...
2026-06-20 17:54:16 | INFO | altitude_trust_bank | app.main | Msgclickon application 
2026-06-20 17:54:16 | INFO | altitude_trust_bank | Database Connection | Database connection successful.
2026-06-20 17:54:16 | INFO | altitude_trust_bank | app.main | Database connection succesaful.
2026-06-20 17:54:20 | INFO | altitude_trust_bank | app.main | Shutting down MsgClickOn...
2026-06-20 17:54:23 | INFO | altitude_trust_bank | app.main | Msgclickon application 
2026-06-20 17:54:23 | INFO | altitude_trust_bank | Database Connection | Database connection successful.
2026-06-20 17:54:23 | INFO | altitude_trust_bank | app.main | Database connection succesaful.
2026-06-20 17:54:26 | INFO | altitude_trust_bank | app.main | Shutting down MsgClickOn...
2026-06-20 17:54:29 | INFO | altitude_trust_bank | app.main | Msgclickon application 
2026-06-20 17:54:30 | INFO | altitude_trust_bank | Database Connection | Database connection successful.
2026-06-20 17:54:30 | INFO | altitude_trust_bank | app.main | Database connection succesaful.
2026-06-20 17:54:30 | INFO | altitude_trust_bank | app.main | Shutting down MsgClickOn...
2026-06-20 17:54:32 | INFO | altitude_trust_bank | app.main | Msgclickon application 
2026-06-20 17:54:32 | INFO | altitude_trust_bank | Database Connection | Database connection successful.
2026-06-20 17:54:32 | INFO | altitude_trust_bank | app.main | Database connection succesaful.
2026-06-20 17:54:32 | INFO | altitude_trust_bank | app.main | Shutting down MsgClickOn...
2026-06-20 17:54:36 | INFO | altitude_trust_bank | app.main | Msgclickon application 
2026-06-20 17:54:37 | INFO | altitude_trust_bank | Database Connection | Database connection successful.
2026-06-20 17:54:37 | INFO | altitude_trust_bank | app.main | Database connection succesaful.
2026-06-20 17:54:55 | INFO | altitude_trust_bank | app.main | Shutting down MsgClickOn...
2026-06-20 17:54:58 | INFO | altitude_trust_bank | app.main | Msgclickon application 
2026-06-20 17:54:58 | INFO | altitude_trust_bank | Database Connection | Database connection successful.
2026-06-20 17:54:58 | INFO | altitude_trust_bank | app.main | Database connection succesaful.
2026-06-20 17:54:58 | INFO | altitude_trust_bank | app.main | Shutting down MsgClickOn...
2026-06-20 17:55:03 | INFO | altitude_trust_bank | app.main | Msgclickon application 
2026-06-20 17:55:04 | INFO | altitude_trust_bank | Database Connection | Database connection successful.
2026-06-20 17:55:04 | INFO | altitude_trust_bank | app.main | Database connection succesaful.
2026-06-20 17:55:04 | INFO | altitude_trust_bank | app.main | Shutting down MsgClickOn...
2026-06-20 17:55:06 | INFO | altitude_trust_bank | app.main | Msgclickon application 
2026-06-20 17:55:06 | INFO | altitude_trust_bank | Database Connection | Database connection successful.
2026-06-20 17:55:06 | INFO | altitude_trust_bank | app.main | Database connection succesaful.
2026-06-20 17:55:08 | INFO | altitude_trust_bank | app.main | Shutting down MsgClickOn...
2026-06-20 17:55:12 | INFO | altitude_trust_bank | app.main | Msgclickon application 
2026-06-20 17:55:12 | INFO | altitude_trust_bank | Database Connection | Database connection successful.
2026-06-20 17:55:12 | INFO | altitude_trust_bank | app.main | Database connection succesaful.
2026-06-20 17:56:25 | INFO | altitude_trust_bank | app.main | Shutting down MsgClickOn...
2026-06-20 17:56:28 | INFO | altitude_trust_bank | app.main | Msgclickon application 
2026-06-20 17:56:28 | INFO | altitude_trust_bank | Database Connection | Database connection successful.
2026-06-20 17:56:28 | INFO | altitude_trust_bank | app.main | Database connection succesaful.
2026-06-20 17:56:28 | INFO | altitude_trust_bank | app.main | Shutting down MsgClickOn...
2026-06-20 17:56:31 | INFO | altitude_trust_bank | app.main | Msgclickon application 
2026-06-20 17:56:31 | INFO | altitude_trust_bank | Database Connection | Database connection successful.
2026-06-20 17:56:31 | INFO | altitude_trust_bank | app.main | Database connection succesaful.
2026-06-20 17:56:31 | INFO | altitude_trust_bank | app.main | Shutting down MsgClickOn...
2026-06-20 17:56:34 | INFO | altitude_trust_bank | app.main | Msgclickon application 
2026-06-20 17:56:34 | INFO | altitude_trust_bank | Database Connection | Database connection successful.
2026-06-20 17:56:34 | INFO | altitude_trust_bank | app.main | Database connection succesaful.
2026-06-20 17:56:43 | INFO | altitude_trust_bank | app.main | Shutting down MsgClickOn...
2026-06-20 17:56:48 | INFO | altitude_trust_bank | app.main | Msgclickon application 
2026-06-20 17:56:48 | INFO | altitude_trust_bank | Database Connection | Database connection successful.
2026-06-20 17:56:48 | INFO | altitude_trust_bank | app.main | Database connection succesaful.
2026-06-20 17:56:48 | INFO | altitude_trust_bank | app.main | Shutting down MsgClickOn...
2026-06-20 17:56:51 | INFO | altitude_trust_bank | app.main | Msgclickon application 
2026-06-20 17:56:51 | INFO | altitude_trust_bank | Database Connection | Database connection successful.
2026-06-20 17:56:51 | INFO | altitude_trust_bank | app.main | Database connection succesaful.
2026-06-20 17:56:51 | INFO | altitude_trust_bank | app.main | Shutting down MsgClickOn...
2026-06-20 17:56:55 | INFO | altitude_trust_bank | app.main | Msgclickon application 
2026-06-20 17:56:55 | INFO | altitude_trust_bank | Database Connection | Database connection successful.
2026-06-20 17:56:55 | INFO | altitude_trust_bank | app.main | Database connection succesaful.
2026-06-20 17:57:23 | INFO | altitude_trust_bank | app.main | Shutting down MsgClickOn...
2026-06-20 17:57:27 | INFO | altitude_trust_bank | app.main | Msgclickon application 
2026-06-20 17:57:28 | INFO | altitude_trust_bank | Database Connection | Database connection successful.
2026-06-20 17:57:28 | INFO | altitude_trust_bank | app.main | Database connection succesaful.
2026-06-20 17:57:28 | INFO | altitude_trust_bank | app.main | Shutting down MsgClickOn...
2026-06-20 17:57:32 | INFO | altitude_trust_bank | app.main | Msgclickon application 
2026-06-20 17:57:32 | INFO | altitude_trust_bank | Database Connection | Database connection successful.
2026-06-20 17:57:32 | INFO | altitude_trust_bank | app.main | Database connection succesaful.
2026-06-20 17:57:46 | INFO | altitude_trust_bank | app.main | Shutting down MsgClickOn...
2026-06-20 17:57:51 | INFO | altitude_trust_bank | app.main | Msgclickon application 
2026-06-20 17:57:51 | INFO | altitude_trust_bank | Database Connection | Database connection successful.
2026-06-20 17:57:51 | INFO | altitude_trust_bank | app.main | Database connection succesaful.
2026-06-20 17:57:51 | INFO | altitude_trust_bank | app.main | Shutting down MsgClickOn...
2026-06-20 17:57:54 | INFO | altitude_trust_bank | app.main | Msgclickon application 
2026-06-20 17:57:55 | INFO | altitude_trust_bank | Database Connection | Database connection successful.
2026-06-20 17:57:55 | INFO | altitude_trust_bank | app.main | Database connection succesaful.
2026-06-20 17:57:55 | INFO | altitude_trust_bank | app.main | Shutting down MsgClickOn...
2026-06-20 17:57:57 | INFO | altitude_trust_bank | app.main | Msgclickon application 
2026-06-20 17:57:57 | INFO | altitude_trust_bank | Database Connection | Database connection successful.
2026-06-20 17:57:57 | INFO | altitude_trust_bank | app.main | Database connection succesaful.
2026-06-20 17:57:57 | INFO | altitude_trust_bank | app.main | Shutting down MsgClickOn...
2026-06-20 17:58:02 | INFO | altitude_trust_bank | app.main | Msgclickon application 
2026-06-20 17:58:02 | INFO | altitude_trust_bank | Database Connection | Database connection successful.
2026-06-20 17:58:02 | INFO | altitude_trust_bank | app.main | Database connection succesaful.
2026-06-20 17:58:02 | INFO | altitude_trust_bank | app.main | Shutting down MsgClickOn...
2026-06-20 17:58:06 | INFO | altitude_trust_bank | app.main | Msgclickon application 
2026-06-20 17:58:06 | INFO | altitude_trust_bank | Database Connection | Database connection successful.
2026-06-20 17:58:06 | INFO | altitude_trust_bank | app.main | Database connection succesaful.
2026-06-20 17:58:58 | INFO | altitude_trust_bank | app.main | Shutting down MsgClickOn...
2026-06-20 17:59:02 | INFO | altitude_trust_bank | app.main | Msgclickon application 
2026-06-20 17:59:02 | INFO | altitude_trust_bank | Database Connection | Database connection successful.
2026-06-20 17:59:02 | INFO | altitude_trust_bank | app.main | Database connection succesaful.
2026-06-20 18:05:56 | INFO | altitude_trust_bank | app.main | Shutting down MsgClickOn...
2026-06-20 18:06:00 | INFO | altitude_trust_bank | app.main | Msgclickon application 
2026-06-20 18:06:00 | INFO | altitude_trust_bank | Database Connection | Database connection successful.
2026-06-20 18:06:00 | INFO | altitude_trust_bank | app.main | Database connection succesaful.
2026-06-20 18:06:00 | INFO | altitude_trust_bank | app.main | Shutting down MsgClickOn...
2026-06-20 18:06:07 | INFO | altitude_trust_bank | app.main | Msgclickon application 
2026-06-20 18:06:08 | INFO | altitude_trust_bank | Database Connection | Database connection successful.
2026-06-20 18:06:08 | INFO | altitude_trust_bank | app.main | Database connection succesaful.
2026-06-20 18:06:47 | INFO | altitude_trust_bank | app.main | Shutting down MsgClickOn...
2026-06-20 18:06:51 | INFO | altitude_trust_bank | app.main | Msgclickon application 
2026-06-20 18:06:51 | INFO | altitude_trust_bank | Database Connection | Database connection successful.
2026-06-20 18:06:51 | INFO | altitude_trust_bank | app.main | Database connection succesaful.
2026-06-20 18:06:52 | INFO | altitude_trust_bank | app.main | Shutting down MsgClickOn...
2026-06-20 18:06:54 | INFO | altitude_trust_bank | app.main | Msgclickon application 
2026-06-20 18:06:55 | INFO | altitude_trust_bank | Database Connection | Database connection successful.
2026-06-20 18:06:55 | INFO | altitude_trust_bank | app.main | Database connection succesaful.
2026-06-20 18:06:55 | INFO | altitude_trust_bank | app.main | Shutting down MsgClickOn...
2026-06-20 18:06:58 | INFO | altitude_trust_bank | app.main | Msgclickon application 
2026-06-20 18:06:58 | INFO | altitude_trust_bank | Database Connection | Database connection successful.
2026-06-20 18:06:58 | INFO | altitude_trust_bank | app.main | Database connection succesaful.
2026-06-20 18:07:05 | INFO | altitude_trust_bank | app.main | Shutting down MsgClickOn...
2026-06-20 18:07:08 | INFO | altitude_trust_bank | app.main | Msgclickon application 
2026-06-20 18:07:08 | INFO | altitude_trust_bank | Database Connection | Database connection successful.
2026-06-20 18:07:08 | INFO | altitude_trust_bank | app.main | Database connection succesaful.
2026-06-20 18:07:24 | INFO | altitude_trust_bank | app.main | Shutting down MsgClickOn...
2026-06-20 18:07:28 | INFO | altitude_trust_bank | app.main | Msgclickon application 
2026-06-20 18:07:28 | INFO | altitude_trust_bank | Database Connection | Database connection successful.
2026-06-20 18:07:28 | INFO | altitude_trust_bank | app.main | Database connection succesaful.
2026-06-20 18:07:31 | INFO | altitude_trust_bank | app.main | Shutting down MsgClickOn...
2026-06-20 18:07:35 | INFO | altitude_trust_bank | app.main | Msgclickon application 
2026-06-20 18:07:35 | INFO | altitude_trust_bank | Database Connection | Database connection successful.
2026-06-20 18:07:35 | INFO | altitude_trust_bank | app.main | Database connection succesaful.
2026-06-20 18:07:35 | INFO | altitude_trust_bank | app.main | Shutting down MsgClickOn...
2026-06-20 18:07:37 | INFO | altitude_trust_bank | app.main | Msgclickon application 
2026-06-20 18:07:37 | INFO | altitude_trust_bank | Database Connection | Database connection successful.
2026-06-20 18:07:37 | INFO | altitude_trust_bank | app.main | Database connection succesaful.
2026-06-20 18:07:39 | INFO | altitude_trust_bank | app.main | Shutting down MsgClickOn...
2026-06-20 18:07:42 | INFO | altitude_trust_bank | app.main | Msgclickon application 
2026-06-20 18:07:43 | INFO | altitude_trust_bank | Database Connection | Database connection successful.
2026-06-20 18:07:43 | INFO | altitude_trust_bank | app.main | Database connection succesaful.
2026-06-20 18:08:22 | INFO | altitude_trust_bank | app.main | Shutting down MsgClickOn...
2026-06-20 18:08:25 | INFO | altitude_trust_bank | app.main | Msgclickon application 
2026-06-20 18:08:25 | INFO | altitude_trust_bank | Database Connection | Database connection successful.
2026-06-20 18:08:25 | INFO | altitude_trust_bank | app.main | Database connection succesaful.
2026-06-20 18:08:25 | INFO | altitude_trust_bank | app.main | Shutting down MsgClickOn...
2026-06-20 18:08:28 | INFO | altitude_trust_bank | app.main | Msgclickon application 
2026-06-20 18:08:28 | INFO | altitude_trust_bank | Database Connection | Database connection successful.
2026-06-20 18:08:28 | INFO | altitude_trust_bank | app.main | Database connection succesaful.
2026-06-20 18:08:46 | INFO | altitude_trust_bank | app.main | Shutting down MsgClickOn...
2026-06-20 18:08:49 | INFO | altitude_trust_bank | app.main | Msgclickon application 
2026-06-20 18:08:49 | INFO | altitude_trust_bank | Database Connection | Database connection successful.
2026-06-20 18:08:49 | INFO | altitude_trust_bank | app.main | Database connection succesaful.
2026-06-20 18:08:49 | INFO | altitude_trust_bank | app.main | Shutting down MsgClickOn...
2026-06-20 18:08:51 | INFO | altitude_trust_bank | app.main | Msgclickon application 
2026-06-20 18:08:51 | INFO | altitude_trust_bank | Database Connection | Database connection successful.
2026-06-20 18:08:51 | INFO | altitude_trust_bank | app.main | Database connection succesaful.
2026-06-20 18:24:37 | INFO | altitude_trust_bank | app.main | Shutting down MsgClickOn...
2026-06-20 18:24:44 | INFO | altitude_trust_bank | app.main | Msgclickon application 
2026-06-20 18:24:45 | INFO | altitude_trust_bank | Database Connection | Database connection successful.
2026-06-20 18:24:45 | INFO | altitude_trust_bank | app.main | Database connection succesaful.
2026-06-20 18:24:45 | INFO | altitude_trust_bank | app.main | Shutting down MsgClickOn...
2026-06-20 18:24:50 | INFO | altitude_trust_bank | app.main | Msgclickon application 
2026-06-20 18:24:50 | INFO | altitude_trust_bank | Database Connection | Database connection successful.
2026-06-20 18:24:50 | INFO | altitude_trust_bank | app.main | Database connection succesaful.
2026-06-20 18:24:50 | INFO | altitude_trust_bank | app.main | Shutting down MsgClickOn...
2026-06-20 18:24:55 | INFO | altitude_trust_bank | app.main | Msgclickon application 
2026-06-20 18:24:56 | INFO | altitude_trust_bank | Database Connection | Database connection successful.
2026-06-20 18:24:56 | INFO | altitude_trust_bank | app.main | Database connection succesaful.
2026-06-20 18:25:34 | INFO | altitude_trust_bank | app.main | Shutting down MsgClickOn...
2026-06-20 18:25:41 | INFO | altitude_trust_bank | app.main | Msgclickon application 
2026-06-20 18:25:41 | INFO | altitude_trust_bank | Database Connection | Database connection successful.
2026-06-20 18:25:41 | INFO | altitude_trust_bank | app.main | Database connection succesaful.
2026-06-20 18:25:44 | INFO | altitude_trust_bank | app.main | Shutting down MsgClickOn...
2026-06-20 18:25:49 | INFO | altitude_trust_bank | app.main | Msgclickon application 
2026-06-20 18:25:49 | INFO | altitude_trust_bank | Database Connection | Database connection successful.
2026-06-20 18:25:49 | INFO | altitude_trust_bank | app.main | Database connection succesaful.
2026-06-20 18:25:59 | INFO | altitude_trust_bank | app.main | Shutting down MsgClickOn...
2026-06-20 18:26:07 | INFO | altitude_trust_bank | app.main | Msgclickon application 
2026-06-20 18:26:07 | INFO | altitude_trust_bank | Database Connection | Database connection successful.
2026-06-20 18:26:07 | INFO | altitude_trust_bank | app.main | Database connection succesaful.
2026-06-20 18:26:07 | INFO | altitude_trust_bank | app.main | Shutting down MsgClickOn...
2026-06-20 18:26:15 | INFO | altitude_trust_bank | app.main | Msgclickon application 
2026-06-20 18:26:15 | INFO | altitude_trust_bank | Database Connection | Database connection successful.
2026-06-20 18:26:15 | INFO | altitude_trust_bank | app.main | Database connection succesaful.
2026-06-20 18:26:15 | INFO | altitude_trust_bank | app.main | Shutting down MsgClickOn...
2026-06-20 18:26:22 | INFO | altitude_trust_bank | app.main | Msgclickon application 
2026-06-20 18:26:23 | INFO | altitude_trust_bank | Database Connection | Database connection successful.
2026-06-20 18:26:23 | INFO | altitude_trust_bank | app.main | Database connection succesaful.
2026-06-20 18:26:26 | INFO | altitude_trust_bank | app.main | Shutting down MsgClickOn...
2026-06-20 18:26:32 | INFO | altitude_trust_bank | app.main | Msgclickon application 
2026-06-20 18:26:32 | INFO | altitude_trust_bank | Database Connection | Database connection successful.
2026-06-20 18:26:32 | INFO | altitude_trust_bank | app.main | Database connection succesaful.
2026-06-20 18:26:38 | INFO | altitude_trust_bank | app.main | Shutting down MsgClickOn...
2026-06-20 18:26:45 | INFO | altitude_trust_bank | app.main | Msgclickon application 
2026-06-20 18:26:45 | INFO | altitude_trust_bank | Database Connection | Database connection successful.
2026-06-20 18:26:45 | INFO | altitude_trust_bank | app.main | Database connection succesaful.
2026-06-20 18:26:45 | INFO | altitude_trust_bank | app.main | Shutting down MsgClickOn...
2026-06-20 18:26:51 | INFO | altitude_trust_bank | app.main | Msgclickon application 
2026-06-20 18:26:51 | INFO | altitude_trust_bank | Database Connection | Database connection successful.
2026-06-20 18:26:51 | INFO | altitude_trust_bank | app.main | Database connection succesaful.
2026-06-20 18:27:07 | INFO | altitude_trust_bank | app.main | Shutting down MsgClickOn...
2026-06-20 18:27:14 | INFO | altitude_trust_bank | app.main | Msgclickon application 
2026-06-20 18:27:14 | INFO | altitude_trust_bank | Database Connection | Database connection successful.
2026-06-20 18:27:14 | INFO | altitude_trust_bank | app.main | Database connection succesaful.
2026-06-20 18:27:15 | INFO | altitude_trust_bank | app.main | Shutting down MsgClickOn...
2026-06-20 18:27:20 | INFO | altitude_trust_bank | app.main | Msgclickon application 
2026-06-20 18:27:20 | INFO | altitude_trust_bank | Database Connection | Database connection successful.
2026-06-20 18:27:20 | INFO | altitude_trust_bank | app.main | Database connection succesaful.
2026-06-20 18:27:21 | INFO | altitude_trust_bank | app.main | Shutting down MsgClickOn...
2026-06-20 18:27:28 | INFO | altitude_trust_bank | app.main | Msgclickon application 
2026-06-20 18:27:28 | INFO | altitude_trust_bank | Database Connection | Database connection successful.
2026-06-20 18:27:28 | INFO | altitude_trust_bank | app.main | Database connection succesaful.
2026-06-20 18:27:28 | INFO | altitude_trust_bank | app.main | Shutting down MsgClickOn...
2026-06-20 18:27:38 | INFO | altitude_trust_bank | app.main | Msgclickon application 
2026-06-20 18:27:38 | INFO | altitude_trust_bank | Database Connection | Database connection successful.
2026-06-20 18:27:38 | INFO | altitude_trust_bank | app.main | Database connection succesaful.
2026-06-20 18:27:38 | INFO | altitude_trust_bank | app.main | Shutting down MsgClickOn...
2026-06-20 18:27:45 | INFO | altitude_trust_bank | app.main | Msgclickon application 
2026-06-20 18:27:46 | INFO | altitude_trust_bank | Database Connection | Database connection successful.
2026-06-20 18:27:46 | INFO | altitude_trust_bank | app.main | Database connection succesaful.
2026-06-20 18:27:46 | INFO | altitude_trust_bank | app.main | Shutting down MsgClickOn...
2026-06-20 18:27:51 | INFO | altitude_trust_bank | app.main | Msgclickon application 
2026-06-20 18:27:51 | INFO | altitude_trust_bank | Database Connection | Database connection successful.
2026-06-20 18:27:51 | INFO | altitude_trust_bank | app.main | Database connection succesaful.
2026-06-20 18:27:55 | INFO | altitude_trust_bank | app.main | Shutting down MsgClickOn...
2026-06-20 18:28:01 | INFO | altitude_trust_bank | app.main | Msgclickon application 
2026-06-20 18:28:02 | INFO | altitude_trust_bank | Database Connection | Database connection successful.
2026-06-20 18:28:02 | INFO | altitude_trust_bank | app.main | Database connection succesaful.
2026-06-20 18:28:02 | INFO | altitude_trust_bank | app.main | Shutting down MsgClickOn...
2026-06-20 18:28:07 | INFO | altitude_trust_bank | app.main | Msgclickon application 
2026-06-20 18:28:08 | INFO | altitude_trust_bank | Database Connection | Database connection successful.
2026-06-20 18:28:08 | INFO | altitude_trust_bank | app.main | Database connection succesaful.
2026-06-20 18:28:08 | INFO | altitude_trust_bank | app.main | Shutting down MsgClickOn...
2026-06-20 18:28:12 | INFO | altitude_trust_bank | app.main | Msgclickon application 
2026-06-20 18:28:12 | INFO | altitude_trust_bank | Database Connection | Database connection successful.
2026-06-20 18:28:12 | INFO | altitude_trust_bank | app.main | Database connection succesaful.
2026-06-20 18:28:15 | INFO | altitude_trust_bank | app.main | Shutting down MsgClickOn...
2026-06-20 18:28:21 | INFO | altitude_trust_bank | app.main | Msgclickon application 
2026-06-20 18:28:22 | INFO | altitude_trust_bank | Database Connection | Database connection successful.
2026-06-20 18:28:22 | INFO | altitude_trust_bank | app.main | Database connection succesaful.
2026-06-20 18:28:22 | INFO | altitude_trust_bank | app.main | Shutting down MsgClickOn...
2026-06-20 18:28:33 | INFO | altitude_trust_bank | app.main | Msgclickon application 
2026-06-20 18:28:33 | INFO | altitude_trust_bank | Database Connection | Database connection successful.
2026-06-20 18:28:33 | INFO | altitude_trust_bank | app.main | Database connection succesaful.
2026-06-20 18:28:33 | INFO | altitude_trust_bank | app.main | Shutting down MsgClickOn...
2026-06-20 18:28:39 | INFO | altitude_trust_bank | app.main | Msgclickon application 
2026-06-20 18:28:39 | INFO | altitude_trust_bank | Database Connection | Database connection successful.
2026-06-20 18:28:39 | INFO | altitude_trust_bank | app.main | Database connection succesaful.
2026-06-20 18:28:39 | INFO | altitude_trust_bank | app.main | Shutting down MsgClickOn...
2026-06-20 18:28:44 | INFO | altitude_trust_bank | app.main | Msgclickon application 
2026-06-20 18:28:44 | INFO | altitude_trust_bank | Database Connection | Database connection successful.
2026-06-20 18:28:44 | INFO | altitude_trust_bank | app.main | Database connection succesaful.
2026-06-20 18:28:45 | INFO | altitude_trust_bank | app.main | Shutting down MsgClickOn...
2026-06-20 18:28:49 | INFO | altitude_trust_bank | app.main | Msgclickon application 
2026-06-20 18:28:50 | INFO | altitude_trust_bank | Database Connection | Database connection successful.
2026-06-20 18:28:50 | INFO | altitude_trust_bank | app.main | Database connection succesaful.
2026-06-20 18:29:02 | INFO | altitude_trust_bank | app.main | Shutting down MsgClickOn...
2026-06-20 18:29:07 | INFO | altitude_trust_bank | app.main | Msgclickon application 
2026-06-20 18:29:07 | INFO | altitude_trust_bank | Database Connection | Database connection successful.
2026-06-20 18:29:07 | INFO | altitude_trust_bank | app.main | Database connection succesaful.
2026-06-20 18:29:07 | INFO | altitude_trust_bank | app.main | Shutting down MsgClickOn...
2026-06-20 18:29:12 | INFO | altitude_trust_bank | app.main | Msgclickon application 
2026-06-20 18:29:13 | INFO | altitude_trust_bank | Database Connection | Database connection successful.
2026-06-20 18:29:13 | INFO | altitude_trust_bank | app.main | Database connection succesaful.
2026-06-20 18:29:13 | INFO | altitude_trust_bank | app.main | Shutting down MsgClickOn...
2026-06-20 18:29:17 | INFO | altitude_trust_bank | app.main | Msgclickon application 
2026-06-20 18:29:17 | INFO | altitude_trust_bank | Database Connection | Database connection successful.
2026-06-20 18:29:17 | INFO | altitude_trust_bank | app.main | Database connection succesaful.
2026-06-20 18:29:30 | INFO | altitude_trust_bank | app.main | Shutting down MsgClickOn...
2026-06-20 18:29:36 | INFO | altitude_trust_bank | app.main | Msgclickon application 
2026-06-20 18:29:36 | INFO | altitude_trust_bank | Database Connection | Database connection successful.
2026-06-20 18:29:36 | INFO | altitude_trust_bank | app.main | Database connection succesaful.
2026-06-20 18:29:36 | INFO | altitude_trust_bank | app.main | Shutting down MsgClickOn...
2026-06-20 18:29:42 | INFO | altitude_trust_bank | app.main | Msgclickon application 
2026-06-20 18:29:42 | INFO | altitude_trust_bank | Database Connection | Database connection successful.
2026-06-20 18:29:42 | INFO | altitude_trust_bank | app.main | Database connection succesaful.
2026-06-20 18:29:42 | INFO | altitude_trust_bank | app.main | Shutting down MsgClickOn...
2026-06-20 18:29:48 | INFO | altitude_trust_bank | app.main | Msgclickon application 
2026-06-20 18:29:48 | INFO | altitude_trust_bank | Database Connection | Database connection successful.
2026-06-20 18:29:48 | INFO | altitude_trust_bank | app.main | Database connection succesaful.
2026-06-20 18:29:55 | INFO | altitude_trust_bank | app.main | Shutting down MsgClickOn...
2026-06-20 18:30:02 | INFO | altitude_trust_bank | app.main | Msgclickon application 
2026-06-20 18:30:02 | INFO | altitude_trust_bank | Database Connection | Database connection successful.
2026-06-20 18:30:02 | INFO | altitude_trust_bank | app.main | Database connection succesaful.
2026-06-20 18:30:02 | INFO | altitude_trust_bank | app.main | Shutting down MsgClickOn...
2026-06-20 18:30:07 | INFO | altitude_trust_bank | app.main | Msgclickon application 
2026-06-20 18:30:07 | INFO | altitude_trust_bank | Database Connection | Database connection successful.
2026-06-20 18:30:07 | INFO | altitude_trust_bank | app.main | Database connection succesaful.
2026-06-20 18:30:08 | INFO | altitude_trust_bank | app.main | Shutting down MsgClickOn...
2026-06-20 18:30:13 | INFO | altitude_trust_bank | app.main | Msgclickon application 
2026-06-20 18:30:14 | INFO | altitude_trust_bank | Database Connection | Database connection successful.
2026-06-20 18:30:14 | INFO | altitude_trust_bank | app.main | Database connection succesaful.
2026-06-20 18:30:15 | INFO | altitude_trust_bank | app.main | Shutting down MsgClickOn...
2026-06-20 18:30:21 | INFO | altitude_trust_bank | app.main | Msgclickon application 
2026-06-20 18:30:21 | INFO | altitude_trust_bank | Database Connection | Database connection successful.
2026-06-20 18:30:21 | INFO | altitude_trust_bank | app.main | Database connection succesaful.
2026-06-20 18:30:22 | INFO | altitude_trust_bank | app.main | Shutting down MsgClickOn...
2026-06-20 18:30:27 | INFO | altitude_trust_bank | app.main | Msgclickon application 
2026-06-20 18:30:27 | INFO | altitude_trust_bank | Database Connection | Database connection successful.
2026-06-20 18:30:27 | INFO | altitude_trust_bank | app.main | Database connection succesaful.
2026-06-20 18:30:58 | INFO | altitude_trust_bank | app.main | Shutting down MsgClickOn...
2026-06-20 18:31:04 | INFO | altitude_trust_bank | app.main | Msgclickon application 
2026-06-20 18:31:04 | INFO | altitude_trust_bank | Database Connection | Database connection successful.
2026-06-20 18:31:04 | INFO | altitude_trust_bank | app.main | Database connection succesaful.
2026-06-20 18:31:04 | INFO | altitude_trust_bank | app.main | Shutting down MsgClickOn...
2026-06-20 18:31:11 | INFO | altitude_trust_bank | app.main | Msgclickon application 
2026-06-20 18:31:12 | INFO | altitude_trust_bank | Database Connection | Database connection successful.
2026-06-20 18:31:12 | INFO | altitude_trust_bank | app.main | Database connection succesaful.
2026-06-20 18:31:12 | INFO | altitude_trust_bank | app.main | Shutting down MsgClickOn...
2026-06-20 18:31:18 | INFO | altitude_trust_bank | app.main | Msgclickon application 
2026-06-20 18:31:18 | INFO | altitude_trust_bank | Database Connection | Database connection successful.
2026-06-20 18:31:18 | INFO | altitude_trust_bank | app.main | Database connection succesaful.
2026-06-20 18:31:27 | INFO | altitude_trust_bank | app.main | Shutting down MsgClickOn...
2026-06-20 18:31:35 | INFO | altitude_trust_bank | app.main | Msgclickon application 
2026-06-20 18:31:35 | INFO | altitude_trust_bank | Database Connection | Database connection successful.
2026-06-20 18:31:35 | INFO | altitude_trust_bank | app.main | Database connection succesaful.
2026-06-20 18:31:35 | INFO | altitude_trust_bank | app.main | Shutting down MsgClickOn...
2026-06-20 18:31:42 | INFO | altitude_trust_bank | app.main | Msgclickon application 
2026-06-20 18:31:42 | INFO | altitude_trust_bank | Database Connection | Database connection successful.
2026-06-20 18:31:42 | INFO | altitude_trust_bank | app.main | Database connection succesaful.
2026-06-20 18:31:42 | INFO | altitude_trust_bank | app.main | Shutting down MsgClickOn...
2026-06-20 18:31:48 | INFO | altitude_trust_bank | app.main | Msgclickon application 
2026-06-20 18:31:48 | INFO | altitude_trust_bank | Database Connection | Database connection successful.
2026-06-20 18:31:48 | INFO | altitude_trust_bank | app.main | Database connection succesaful.
2026-06-20 18:31:54 | INFO | altitude_trust_bank | app.main | Shutting down MsgClickOn...
2026-06-20 18:32:00 | INFO | altitude_trust_bank | app.main | Msgclickon application 
2026-06-20 18:32:00 | INFO | altitude_trust_bank | Database Connection | Database connection successful.
2026-06-20 18:32:00 | INFO | altitude_trust_bank | app.main | Database connection succesaful.
2026-06-20 18:32:00 | INFO | altitude_trust_bank | app.main | Shutting down MsgClickOn...
2026-06-20 18:32:05 | INFO | altitude_trust_bank | app.main | Msgclickon application 
2026-06-20 18:32:05 | INFO | altitude_trust_bank | Database Connection | Database connection successful.
2026-06-20 18:32:05 | INFO | altitude_trust_bank | app.main | Database connection succesaful.
2026-06-20 18:33:00 | INFO | altitude_trust_bank | app.main | Shutting down MsgClickOn...
2026-06-20 18:33:06 | INFO | altitude_trust_bank | app.main | Msgclickon application 
2026-06-20 18:33:07 | INFO | altitude_trust_bank | Database Connection | Database connection successful.
2026-06-20 18:33:07 | INFO | altitude_trust_bank | app.main | Database connection succesaful.
2026-06-20 18:33:19 | INFO | altitude_trust_bank | app.main | Shutting down MsgClickOn...
2026-06-20 18:33:27 | INFO | altitude_trust_bank | app.main | Msgclickon application 
2026-06-20 18:33:27 | INFO | altitude_trust_bank | Database Connection | Database connection successful.
2026-06-20 18:33:27 | INFO | altitude_trust_bank | app.main | Database connection succesaful.
2026-06-20 18:33:34 | INFO | altitude_trust_bank | app.main | Shutting down MsgClickOn...
2026-06-20 18:33:39 | INFO | altitude_trust_bank | app.main | Msgclickon application 
2026-06-20 18:33:39 | INFO | altitude_trust_bank | Database Connection | Database connection successful.
2026-06-20 18:33:39 | INFO | altitude_trust_bank | app.main | Database connection succesaful.
2026-06-20 18:35:11 | INFO | altitude_trust_bank | app.main | Shutting down MsgClickOn...
2026-06-20 18:35:17 | INFO | altitude_trust_bank | app.main | Msgclickon application 
2026-06-20 18:35:17 | INFO | altitude_trust_bank | Database Connection | Database connection successful.
2026-06-20 18:35:17 | INFO | altitude_trust_bank | app.main | Database connection succesaful.
2026-06-20 18:37:51 | INFO | altitude_trust_bank | app.main | Shutting down MsgClickOn...
2026-06-20 18:38:00 | INFO | altitude_trust_bank | app.main | Msgclickon application 
2026-06-20 18:38:00 | INFO | altitude_trust_bank | Database Connection | Database connection successful.
2026-06-20 18:38:00 | INFO | altitude_trust_bank | app.main | Database connection succesaful.
2026-06-20 18:38:01 | INFO | altitude_trust_bank | app.main | Shutting down MsgClickOn...
2026-06-20 18:38:08 | INFO | altitude_trust_bank | app.main | Msgclickon application 
2026-06-20 18:38:08 | INFO | altitude_trust_bank | Database Connection | Database connection successful.
2026-06-20 18:38:08 | INFO | altitude_trust_bank | app.main | Database connection succesaful.
2026-06-20 18:38:08 | INFO | altitude_trust_bank | app.main | Shutting down MsgClickOn...
2026-06-20 18:38:16 | INFO | altitude_trust_bank | app.main | Msgclickon application 
2026-06-20 18:38:16 | INFO | altitude_trust_bank | Database Connection | Database connection successful.
2026-06-20 18:38:16 | INFO | altitude_trust_bank | app.main | Database connection succesaful.
2026-06-20 18:38:17 | INFO | altitude_trust_bank | app.main | Shutting down MsgClickOn...
2026-06-20 18:38:25 | INFO | altitude_trust_bank | app.main | Msgclickon application 
2026-06-20 18:38:25 | INFO | altitude_trust_bank | Database Connection | Database connection successful.
2026-06-20 18:38:25 | INFO | altitude_trust_bank | app.main | Database connection succesaful.
2026-06-20 18:44:25 | INFO | altitude_trust_bank | app.main | Shutting down MsgClickOn...
2026-06-20 18:44:31 | INFO | altitude_trust_bank | app.main | Msgclickon application 
2026-06-20 18:44:31 | INFO | altitude_trust_bank | Database Connection | Database connection successful.
2026-06-20 18:44:31 | INFO | altitude_trust_bank | app.main | Database connection succesaful.
2026-06-20 18:44:31 | INFO | altitude_trust_bank | app.main | Shutting down MsgClickOn...
2026-06-20 18:44:36 | INFO | altitude_trust_bank | app.main | Msgclickon application 
2026-06-20 18:44:36 | INFO | altitude_trust_bank | Database Connection | Database connection successful.
2026-06-20 18:44:36 | INFO | altitude_trust_bank | app.main | Database connection succesaful.
2026-06-20 18:44:37 | INFO | altitude_trust_bank | app.main | Shutting down MsgClickOn...
2026-06-20 18:44:42 | INFO | altitude_trust_bank | app.main | Msgclickon application 
2026-06-20 18:44:43 | INFO | altitude_trust_bank | Database Connection | Database connection successful.
2026-06-20 18:44:43 | INFO | altitude_trust_bank | app.main | Database connection succesaful.
2026-06-20 18:44:43 | INFO | altitude_trust_bank | app.main | Shutting down MsgClickOn...
2026-06-20 18:44:49 | INFO | altitude_trust_bank | app.main | Msgclickon application 
2026-06-20 18:44:49 | INFO | altitude_trust_bank | Database Connection | Database connection successful.
2026-06-20 18:44:49 | INFO | altitude_trust_bank | app.main | Database connection succesaful.
2026-06-20 18:46:35 | INFO | altitude_trust_bank | app.main | Shutting down MsgClickOn...
2026-06-20 18:46:41 | INFO | altitude_trust_bank | app.main | Msgclickon application 
2026-06-20 18:46:42 | INFO | altitude_trust_bank | Database Connection | Database connection successful.
2026-06-20 18:46:42 | INFO | altitude_trust_bank | app.main | Database connection succesaful.
2026-06-20 18:46:51 | INFO | altitude_trust_bank | app.main | Shutting down MsgClickOn...
2026-06-20 18:46:57 | INFO | altitude_trust_bank | app.main | Msgclickon application 
2026-06-20 18:46:57 | INFO | altitude_trust_bank | Database Connection | Database connection successful.
2026-06-20 18:46:57 | INFO | altitude_trust_bank | app.main | Database connection succesaful.
2026-06-20 18:46:57 | INFO | altitude_trust_bank | app.main | Shutting down MsgClickOn...
2026-06-20 18:47:03 | INFO | altitude_trust_bank | app.main | Msgclickon application 
2026-06-20 18:47:04 | INFO | altitude_trust_bank | Database Connection | Database connection successful.
2026-06-20 18:47:04 | INFO | altitude_trust_bank | app.main | Database connection succesaful.
2026-06-20 18:47:04 | INFO | altitude_trust_bank | app.main | Shutting down MsgClickOn...
2026-06-20 18:47:10 | INFO | altitude_trust_bank | app.main | Msgclickon application 
2026-06-20 18:47:10 | INFO | altitude_trust_bank | Database Connection | Database connection successful.
2026-06-20 18:47:10 | INFO | altitude_trust_bank | app.main | Database connection succesaful.
2026-06-20 18:47:40 | INFO | altitude_trust_bank | app.main | Shutting down MsgClickOn...
2026-06-20 18:47:45 | INFO | altitude_trust_bank | app.main | Msgclickon application 
2026-06-20 18:47:46 | INFO | altitude_trust_bank | Database Connection | Database connection successful.
2026-06-20 18:47:46 | INFO | altitude_trust_bank | app.main | Database connection succesaful.
2026-06-20 18:52:24 | INFO | altitude_trust_bank | app.main | Shutting down MsgClickOn...
2026-06-20 18:52:27 | INFO | altitude_trust_bank | app.main | Msgclickon application 
2026-06-20 18:52:28 | INFO | altitude_trust_bank | Database Connection | Database connection successful.
2026-06-20 18:52:28 | INFO | altitude_trust_bank | app.main | Database connection succesaful.
2026-06-20 18:52:28 | INFO | altitude_trust_bank | app.main | Shutting down MsgClickOn...
2026-06-20 18:52:30 | INFO | altitude_trust_bank | app.main | Msgclickon application 
2026-06-20 18:52:30 | INFO | altitude_trust_bank | Database Connection | Database connection successful.
2026-06-20 18:52:30 | INFO | altitude_trust_bank | app.main | Database connection succesaful.
2026-06-20 18:52:36 | INFO | altitude_trust_bank | app.main | Shutting down MsgClickOn...
2026-06-20 18:52:41 | INFO | altitude_trust_bank | app.main | Msgclickon application 
2026-06-20 18:52:41 | INFO | altitude_trust_bank | Database Connection | Database connection successful.
2026-06-20 18:52:41 | INFO | altitude_trust_bank | app.main | Database connection succesaful.
2026-06-20 18:52:41 | INFO | altitude_trust_bank | app.main | Shutting down MsgClickOn...
2026-06-20 18:52:44 | INFO | altitude_trust_bank | app.main | Msgclickon application 
2026-06-20 18:52:44 | INFO | altitude_trust_bank | Database Connection | Database connection successful.
2026-06-20 18:52:44 | INFO | altitude_trust_bank | app.main | Database connection succesaful.
2026-06-20 18:52:57 | INFO | altitude_trust_bank | app.main | Shutting down MsgClickOn...
2026-06-20 18:53:01 | INFO | altitude_trust_bank | app.main | Msgclickon application 
2026-06-20 18:53:02 | INFO | altitude_trust_bank | Database Connection | Database connection successful.
2026-06-20 18:53:02 | INFO | altitude_trust_bank | app.main | Database connection succesaful.
2026-06-20 18:53:02 | INFO | altitude_trust_bank | app.main | Shutting down MsgClickOn...
2026-06-20 18:53:05 | INFO | altitude_trust_bank | app.main | Msgclickon application 
2026-06-20 18:53:05 | INFO | altitude_trust_bank | Database Connection | Database connection successful.
2026-06-20 18:53:05 | INFO | altitude_trust_bank | app.main | Database connection succesaful.
2026-06-20 18:53:10 | INFO | altitude_trust_bank | app.main | Shutting down MsgClickOn...
2026-06-20 18:53:14 | INFO | altitude_trust_bank | app.main | Msgclickon application 
2026-06-20 18:53:14 | INFO | altitude_trust_bank | Database Connection | Database connection successful.
2026-06-20 18:53:14 | INFO | altitude_trust_bank | app.main | Database connection succesaful.
2026-06-20 18:53:14 | INFO | altitude_trust_bank | app.main | Shutting down MsgClickOn...
2026-06-20 18:53:16 | INFO | altitude_trust_bank | app.main | Msgclickon application 
2026-06-20 18:53:16 | INFO | altitude_trust_bank | Database Connection | Database connection successful.
2026-06-20 18:53:16 | INFO | altitude_trust_bank | app.main | Database connection succesaful.
2026-06-20 18:53:20 | INFO | altitude_trust_bank | app.main | Shutting down MsgClickOn...
2026-06-20 18:53:23 | INFO | altitude_trust_bank | app.main | Msgclickon application 
2026-06-20 18:53:23 | INFO | altitude_trust_bank | Database Connection | Database connection successful.
2026-06-20 18:53:23 | INFO | altitude_trust_bank | app.main | Database connection succesaful.
2026-06-20 18:53:23 | INFO | altitude_trust_bank | app.main | Shutting down MsgClickOn...
2026-06-20 18:53:27 | INFO | altitude_trust_bank | app.main | Msgclickon application 
2026-06-20 18:53:27 | INFO | altitude_trust_bank | Database Connection | Database connection successful.
2026-06-20 18:53:27 | INFO | altitude_trust_bank | app.main | Database connection succesaful.
2026-06-20 18:53:33 | INFO | altitude_trust_bank | app.main | Shutting down MsgClickOn...
2026-06-20 18:53:36 | INFO | altitude_trust_bank | app.main | Msgclickon application 
2026-06-20 18:53:36 | INFO | altitude_trust_bank | Database Connection | Database connection successful.
2026-06-20 18:53:36 | INFO | altitude_trust_bank | app.main | Database connection succesaful.
2026-06-20 18:53:36 | INFO | altitude_trust_bank | app.main | Shutting down MsgClickOn...
2026-06-20 18:53:39 | INFO | altitude_trust_bank | app.main | Msgclickon application 
2026-06-20 18:53:39 | INFO | altitude_trust_bank | Database Connection | Database connection successful.
2026-06-20 18:53:39 | INFO | altitude_trust_bank | app.main | Database connection succesaful.
2026-06-20 18:53:40 | INFO | altitude_trust_bank | app.main | Shutting down MsgClickOn...
2026-06-20 18:53:44 | INFO | altitude_trust_bank | app.main | Msgclickon application 
2026-06-20 18:53:44 | INFO | altitude_trust_bank | Database Connection | Database connection successful.
2026-06-20 18:53:44 | INFO | altitude_trust_bank | app.main | Database connection succesaful.
2026-06-20 18:54:00 | INFO | altitude_trust_bank | app.main | Shutting down MsgClickOn...
2026-06-20 18:54:03 | INFO | altitude_trust_bank | app.main | Msgclickon application 
2026-06-20 18:54:04 | INFO | altitude_trust_bank | Database Connection | Database connection successful.
2026-06-20 18:54:04 | INFO | altitude_trust_bank | app.main | Database connection succesaful.
2026-06-20 18:54:04 | INFO | altitude_trust_bank | app.main | Shutting down MsgClickOn...
2026-06-20 18:54:06 | INFO | altitude_trust_bank | app.main | Msgclickon application 
2026-06-20 18:54:07 | INFO | altitude_trust_bank | Database Connection | Database connection successful.
2026-06-20 18:54:07 | INFO | altitude_trust_bank | app.main | Database connection succesaful.
2026-06-20 18:54:07 | INFO | altitude_trust_bank | app.main | Shutting down MsgClickOn...
2026-06-20 18:54:10 | INFO | altitude_trust_bank | app.main | Msgclickon application 
2026-06-20 18:54:10 | INFO | altitude_trust_bank | Database Connection | Database connection successful.
2026-06-20 18:54:10 | INFO | altitude_trust_bank | app.main | Database connection succesaful.
2026-06-20 18:54:12 | INFO | altitude_trust_bank | app.main | Shutting down MsgClickOn...
2026-06-20 18:54:15 | INFO | altitude_trust_bank | app.main | Msgclickon application 
2026-06-20 18:54:16 | INFO | altitude_trust_bank | Database Connection | Database connection successful.
2026-06-20 18:54:16 | INFO | altitude_trust_bank | app.main | Database connection succesaful.
2026-06-20 18:54:37 | INFO | altitude_trust_bank | app.main | Shutting down MsgClickOn...
2026-06-20 18:54:41 | INFO | altitude_trust_bank | app.main | Msgclickon application 
2026-06-20 18:54:42 | INFO | altitude_trust_bank | Database Connection | Database connection successful.
2026-06-20 18:54:42 | INFO | altitude_trust_bank | app.main | Database connection succesaful.
2026-06-20 18:54:42 | INFO | altitude_trust_bank | app.main | Shutting down MsgClickOn...
2026-06-20 18:54:45 | INFO | altitude_trust_bank | app.main | Msgclickon application 
2026-06-20 18:54:45 | INFO | altitude_trust_bank | Database Connection | Database connection successful.
2026-06-20 18:54:45 | INFO | altitude_trust_bank | app.main | Database connection succesaful.
2026-06-20 18:54:45 | INFO | altitude_trust_bank | app.main | Shutting down MsgClickOn...
2026-06-20 18:54:49 | INFO | altitude_trust_bank | app.main | Msgclickon application 
2026-06-20 18:54:49 | INFO | altitude_trust_bank | Database Connection | Database connection successful.
2026-06-20 18:54:49 | INFO | altitude_trust_bank | app.main | Database connection succesaful.
2026-06-20 18:54:50 | INFO | altitude_trust_bank | app.main | Shutting down MsgClickOn...
2026-06-20 18:54:54 | INFO | altitude_trust_bank | app.main | Msgclickon application 
2026-06-20 18:54:54 | INFO | altitude_trust_bank | Database Connection | Database connection successful.
2026-06-20 18:54:54 | INFO | altitude_trust_bank | app.main | Database connection succesaful.
2026-06-20 18:54:54 | INFO | altitude_trust_bank | app.main | Shutting down MsgClickOn...
2026-06-20 18:54:58 | INFO | altitude_trust_bank | app.main | Msgclickon application 
2026-06-20 18:54:58 | INFO | altitude_trust_bank | Database Connection | Database connection successful.
2026-06-20 18:54:58 | INFO | altitude_trust_bank | app.main | Database connection succesaful.
2026-06-20 18:55:10 | INFO | altitude_trust_bank | app.main | Shutting down MsgClickOn...
2026-06-20 18:55:13 | INFO | altitude_trust_bank | app.main | Msgclickon application 
2026-06-20 18:55:13 | INFO | altitude_trust_bank | Database Connection | Database connection successful.
2026-06-20 18:55:13 | INFO | altitude_trust_bank | app.main | Database connection succesaful.
2026-06-20 18:55:16 | INFO | altitude_trust_bank | app.main | Shutting down MsgClickOn...
2026-06-20 18:55:19 | INFO | altitude_trust_bank | app.main | Msgclickon application 
2026-06-20 18:55:19 | INFO | altitude_trust_bank | Database Connection | Database connection successful.
2026-06-20 18:55:19 | INFO | altitude_trust_bank | app.main | Database connection succesaful.
2026-06-20 18:55:33 | INFO | altitude_trust_bank | app.main | Shutting down MsgClickOn...
2026-06-20 18:55:36 | INFO | altitude_trust_bank | app.main | Msgclickon application 
2026-06-20 18:55:36 | INFO | altitude_trust_bank | Database Connection | Database connection successful.
2026-06-20 18:55:36 | INFO | altitude_trust_bank | app.main | Database connection succesaful.
2026-06-20 18:56:57 | INFO | altitude_trust_bank | app.main | Shutting down MsgClickOn...
2026-06-20 18:57:01 | INFO | altitude_trust_bank | app.main | Msgclickon application 
2026-06-20 18:57:02 | INFO | altitude_trust_bank | Database Connection | Database connection successful.
2026-06-20 18:57:02 | INFO | altitude_trust_bank | app.main | Database connection succesaful.
2026-06-20 18:57:02 | INFO | altitude_trust_bank | app.main | Shutting down MsgClickOn...
2026-06-20 18:57:04 | INFO | altitude_trust_bank | app.main | Msgclickon application 
2026-06-20 18:57:05 | INFO | altitude_trust_bank | Database Connection | Database connection successful.
2026-06-20 18:57:05 | INFO | altitude_trust_bank | app.main | Database connection succesaful.
2026-06-20 18:57:06 | INFO | altitude_trust_bank | app.main | Shutting down MsgClickOn...
2026-06-20 18:57:10 | INFO | altitude_trust_bank | app.main | Msgclickon application 
2026-06-20 18:57:10 | INFO | altitude_trust_bank | Database Connection | Database connection successful.
2026-06-20 18:57:10 | INFO | altitude_trust_bank | app.main | Database connection succesaful.
2026-06-20 18:57:36 | INFO | altitude_trust_bank | app.main | Shutting down MsgClickOn...
2026-06-20 18:57:39 | INFO | altitude_trust_bank | app.main | Msgclickon application 
2026-06-20 18:57:39 | INFO | altitude_trust_bank | Database Connection | Database connection successful.
2026-06-20 18:57:39 | INFO | altitude_trust_bank | app.main | Database connection succesaful.
2026-06-20 19:01:17 | INFO | altitude_trust_bank | app.main | Shutting down MsgClickOn...
2026-06-20 19:02:45 | INFO | altitude_trust_bank | app.main | Msgclickon application 
2026-06-20 19:02:45 | INFO | altitude_trust_bank | Database Connection | Database connection successful.
2026-06-20 19:02:45 | INFO | altitude_trust_bank | app.main | Database connection succesaful.
2026-06-20 19:03:00 | INFO | altitude_trust_bank | app.main | Shutting down MsgClickOn...
2026-06-20 19:03:15 | INFO | altitude_trust_bank | app.main | Msgclickon application 
2026-06-20 19:03:15 | INFO | altitude_trust_bank | Database Connection | Database connection successful.
2026-06-20 19:03:15 | INFO | altitude_trust_bank | app.main | Database connection succesaful.
2026-06-20 19:03:24 | INFO | altitude_trust_bank | app.main | Shutting down MsgClickOn...
2026-06-20 19:03:27 | INFO | altitude_trust_bank | app.main | Msgclickon application 
2026-06-20 19:03:27 | INFO | altitude_trust_bank | Database Connection | Database connection successful.
2026-06-20 19:03:27 | INFO | altitude_trust_bank | app.main | Database connection succesaful.
2026-06-20 19:03:35 | INFO | altitude_trust_bank | app.main | Shutting down MsgClickOn...
2026-06-20 19:03:39 | INFO | altitude_trust_bank | app.main | Msgclickon application 
2026-06-20 19:03:39 | INFO | altitude_trust_bank | Database Connection | Database connection successful.
2026-06-20 19:03:39 | INFO | altitude_trust_bank | app.main | Database connection succesaful.
2026-06-20 19:06:18 | INFO | altitude_trust_bank | app.main | Shutting down MsgClickOn...
2026-06-20 19:06:21 | INFO | altitude_trust_bank | app.main | Msgclickon application 
2026-06-20 19:06:21 | INFO | altitude_trust_bank | Database Connection | Database connection successful.
2026-06-20 19:06:21 | INFO | altitude_trust_bank | app.main | Database connection succesaful.
2026-06-20 19:06:21 | INFO | altitude_trust_bank | app.main | Shutting down MsgClickOn...
2026-06-20 19:06:24 | INFO | altitude_trust_bank | app.main | Msgclickon application 
2026-06-20 19:06:24 | INFO | altitude_trust_bank | Database Connection | Database connection successful.
2026-06-20 19:06:24 | INFO | altitude_trust_bank | app.main | Database connection succesaful.
2026-06-20 19:06:26 | INFO | altitude_trust_bank | app.main | Shutting down MsgClickOn...
2026-06-20 19:06:30 | INFO | altitude_trust_bank | app.main | Msgclickon application 
2026-06-20 19:06:30 | INFO | altitude_trust_bank | Database Connection | Database connection successful.
2026-06-20 19:06:30 | INFO | altitude_trust_bank | app.main | Database connection succesaful.
2026-06-20 19:09:06 | INFO | altitude_trust_bank | app.main | Shutting down MsgClickOn...
2026-06-20 19:09:10 | INFO | altitude_trust_bank | app.main | Msgclickon application 
2026-06-20 19:09:10 | INFO | altitude_trust_bank | Database Connection | Database connection successful.
2026-06-20 19:09:10 | INFO | altitude_trust_bank | app.main | Database connection succesaful.
2026-06-20 23:05:09 | INFO | altitude_trust_bank | app.main | Shutting down MsgClickOn...
